This file contains any messages produced by compilers while
running configure, to aid debugging if configure makes a mistake.

It was created by configure, which was
generated by GNU Autoconf 2.59.  Invocation command line was

  $ ../../../gettext-0.14.4-src/gettext-runtime/libasprintf/configure --prefix=c:/progra~1/Gettext --prefix=c:/progra~1/Gettext --srcdir=../gettext-0.14.4-src --disable-static --enable-shared --enable-relocatable --disable-libasprintf --cache-file=/dev/null --srcdir=../../gettext-0.14.4-src/gettext-runtime --cache-file=/dev/null --srcdir=../../../gettext-0.14.4-src/gettext-runtime/libasprintf

## --------- ##
## Platform. ##
## --------- ##

hostname = gamma
uname -m = i686
uname -r = 1.5.16(0.128/4/2)
uname -s = CYGWIN_NT-5.1
uname -v = 2005-04-25 20:26

/usr/bin/uname -p = unknown
/bin/uname -X     = unknown

/bin/arch              = unknown
/usr/bin/arch -k       = unknown
/usr/convex/getsysinfo = unknown
hostinfo               = unknown
/bin/machine           = unknown
/usr/bin/oslevel       = unknown
/bin/universe          = unknown

PATH: /cygdrive/h/mingw/3.3.1/bin
PATH: /usr/bin
PATH: /usr/local/bin
PATH: /cygdrive/e/util
PATH: /cygdrive/e/program files/gnuwin32/bin
PATH: /cygdrive/h/mingw/3.3.1/bin
PATH: /cygdrive/h/tex/bin/win32
PATH: /usr/bin
PATH: /cygdrive/c/WINDOWS/system32
PATH: /cygdrive/c/WINDOWS
PATH: /cygdrive/c/WINDOWS/System32/Wbem
PATH: /cygdrive/h/SFU/common/
PATH: /cygdrive/e/PROGRA~1/CvsNT
PATH: /cygdrive/e/Program Files/Sleepycat Software/Berkeley DB 4.3.28/bin
PATH: /cygdrive/e/Program Files/Sleepycat Software/Berkeley DB 4.3.28/bin/debug


## ----------- ##
## Core tests. ##
## ----------- ##

configure:1398: loading site script k:/config.site
| # These two variables are required, otherwise looking for
| # programs along the PATH will not work.
| PATH_SEPARATOR=:
| PATH_EXPAND=y
| PWD=`pwd.sh`
| 
| # This is required in for "test -f foo" to find foo.exe
| export TEST_FINDS_EXE=y
| 
| # Install programs
| INSTALL=${INSTALL:='/bin/install.exe -cp'}
| INSTALL_DATA=${INSTALL_DATA:='/bin/install.exe -cp'}
| INSTALL_PROGRAM=${INSTALL_PROGRAM:='/bin/install.exe -cp'}
| 
| # Do not detect fork even if a stub is provided
| ac_cv_func_fork=no
| ac_cv_func_vfork=no
| 
| ac_cv_func_fchdir=no
| 
| # Detect socket functions 
| ac_cv_func_gethostbyname=${ac_cv_func_gethostbyname:=yes}
| ac_cv_func_inet_ntoa=${ac_cv_func_inet_ntoa:=yes}
| ac_cv_func_gethostbyaddr=${ac_cv_func_gethostbyaddr:=yes}
| ac_cv_func_gethostname=${ac_cv_func_gethostname:=yes}
| ac_cv_func_connect=${ac_cv_func_connect:=yes}
| 
| ac_cv_func_ftruncate=${ac_cv_func_ftruncate:=yes}
| ac_cv_func_mkstemp=${ac_cv_func_mkstemp:=yes}
| ac_cv_var_tzname=${ac_cv_var_tzname:=yes}
| ac_cv_func_working_mktime=${ac_cv_func_working_mktime:=yes}
| 
| ac_cv_sys_file_offset_bits=${ac_cv_sys_file_offset_bits:=64}
| ac_cv_sys_large_files=${ac_cv_sys_large_files:=1}
| ac_cv_sys_largefile_source=${ac_cv_sys_largefile_source:=1}
| enable_largefile=${enable_largefile:=yes}
| 
| gl_cv_func_getcwd_null=${gl_cv_func_getcwd_null:=yes}
| 
| # These are set here so the generated libtool will be good
| # for every installation, not only the one where the
| # package was configured.
| NM=${NM='nm'}
| LD=${LD='ld'}
| 
| # Force the test for 'ln -s' to report 'cp -fp'.
| ac_cv_prog_LN_S=${ac_cv_prog_LN_S:='cp -fp'}
| cl_cv_prog_LN=${cl_cv_prog_LN:='cp -fp'}
| cl_cv_prog_LN_S=${cl_cv_prog_LN_S:='cp -fp'}
| LN_S=${LN_S:='cp -fp'}
| LN=${LN:='cp -fp'}
| 
| ac_executable_extensions=${ac_executable_extensions:='.exe'}
| EXEEXT=${EXEEXT:='.exe'}
| EXE=${EXE:='.exe'}
| exeext=${exeext:='.exe'}
| 
| CC=${CC:=gcc}
| CXX=${CXX:=g++}
| #HOST_CC=gcc
| 
| GLIBCINCDIR=${GLIBCINCDIR=h:/glibc/include}
| if [ "$GLIBCINCDIR" != "" ]; then
| 	GLIBCINCL="-idirafter $GLIBCINCDIR"
| fi
| GNUWIN32DIR=${GNUWIN32DIR=e:/progra~1/gnuwin32}
| if [ "$GNUWIN32DIR" != "" ]; then
| 	GNUWIN32INCL="-idirafter $GNUWIN32DIR/include"
| 	GNUWIN32LIBS="-L$GNUWIN32DIR/lib -lgw32c"
| else
| 	enable_nls=no
| fi
| 
| STDEFS=${STDEFS=-D__GW32__ -D_LARGEFILE_SOURCE=1 -D_LARGEFILE64_SOURCE=1 -D_FILE_OFFSET_BITS=64}
| # -D__GTHREAD_HIDE_WIN32API
| DEFS=${DEFS= $STDEFS $DEFSPLUS }
| DEFINES=${DEFINES= $DEFS $DEFINESPLUS }
| INCLUDES=${INCLUDES= $INCLUDESPLUS $GNUWIN32INCL $GLIBCINCL }
| STCFLAGS=${STCFLAGS=-Wall -O3 -fms-extensions -mms-bitfields  -fno-exceptions -fomit-frame-pointer -march=i386 -mcpu=i686}
| CFLAGS=${CFLAGS= $STCFLAGS $CFLAGSPLUS }
| # -fnative-struct 
| 
| CXXFLAGS=${CXXFLAGS= $CFLAGS  -fconserve-space -fno-rtti $CXXFLAGSPLUS }
| CPPFLAGS=${CPPFLAGS= $DEFS $INCLUDES $CPPFLAGSPLUS }
| 
| STLDFLAGS=${STLDFLAGS=-Wl,-s -Wl,--force-exe-suffix -Wl,--enable-auto-import -Wl,--enable-runtime-pseudo-reloc -Wl,--allow-multiple-definition}
| LDFLAGS=${LDFLAGS= $STLDFLAGS $LDFLAGSPLUS }
| STLIBS=${STLIBS=$GNUWIN32LIBS  -liberty -lintl -liconv -lwsock32 -lole32 -luuid -lmsvcp60 }
| LIBS=${LIBS= -Wl,-s $LIBSPLUS $STLIBS }
| # 
| 
| host=${host:='i386-pc-mingw32'}
| build=${build:=$host}
| target=${target:=$host}
| host_alias=${host_alias:=$host}
| build_alias=${build_alias:=$build}
| target_alias=${target_alias:=$target}
| # The default values for transforming the program names cannot be the same
| # as the autoconf variables since these are set by configure before
| # config.site is read
| program_transform_name=${prog_transform_name:='s/i386-pc-mingw32//'}
| program_prefix=${prog_prefix:=''}
| program_suffix=${prog_suffix:=''}
| 
| # the following lines should ensure that NLS is used
| # by means of separate libintl instead of
| # the libintl provided with the package
| with_included_gettext=${with_included_gettext:=no}
| enable_nls=${enable_nls:=yes}
| nls_cv_use_gnu_gettext=${nls_cv_use_gnu_gettext:=yes}
| USE_NLS=${USE_NLS:=yes}
| LIBINTL=${LIBINTL:=' -lintl '}
| LTLIBINTL=${LTLIBINTL:=' -lintl '}
| BUILD_INCLUDED_LIBINTL=${BUILD_INCLUDED_LIBINTL:=no}
| USE_INCLUDED_LIBINTL=${USE_INCLUDED_LIBINTL:=no}
| 
| test "$prefix" = NONE && prefix=$PACKAGE_TARNAME
| prefix=${prefix:=c:/progra~1/GnuWin32}
configure:1537: checking for a BSD-compatible install
configure:1592: result: /bin/install.exe -cp
configure:1603: checking whether build environment is sane
configure:1646: result: yes
configure:1711: checking for gawk
configure:1727: found /usr/bin/gawk
configure:1737: result: gawk
configure:1747: checking whether make sets $(MAKE)
configure:1767: result: yes
configure:1984: checking for gcc
configure:2010: result: gcc
configure:2254: checking for C compiler version
configure:2257: gcc --version </dev/null >&5
gcc.exe (GCC) 3.3.1 (mingw special 20030804-1)
Copyright (C) 2003 Free Software Foundation, Inc.
This is free software; see the source for copying conditions.  There is NO
warranty; not even for MERCHANTABILITY or FITNESS FOR A PARTICULAR PURPOSE.

configure:2260: $? = 0
configure:2262: gcc -v </dev/null >&5
Reading specs from h:/mingw/3.3.1/bin/../lib/gcc-lib/mingw32/3.3.1/specs
Configured with: ../gcc/configure --with-gcc --with-gnu-ld --with-gnu-as --host=mingw32 --target=mingw32 --prefix=/mingw --enable-threads --disable-nls --enable-languages=c,c++,f77,objc,ada,java --disable-win32-registry --disable-shared --enable-sjlj-exceptions --enable-libgcj --disable-java-awt --without-x --enable-java-gc=boehm --disable-libgcj-debug --enable-interpreter --enable-hash-synchronization
Thread model: win32
gcc version 3.3.1 (mingw special 20030804-1)
configure:2265: $? = 0
configure:2267: gcc -V </dev/null >&5
gcc.exe: `-V' option must have argument
configure:2270: $? = 1
configure:2293: checking for C compiler default output file name
configure:2296: gcc  -Wall -O3 -fms-extensions -mms-bitfields  -fno-exceptions -fomit-frame-pointer -march=i386 -mcpu=i686     -D__GW32__ -D_LARGEFILE_SOURCE=1 -D_LARGEFILE64_SOURCE=1 -D_FILE_OFFSET_BITS=64 -D_MSC_VER    -idirafter e:/progra~1/gnuwin32/include -idirafter h:/glibc/include     -Wl,-s -Wl,--force-exe-suffix -Wl,--enable-auto-import -Wl,--enable-runtime-pseudo-reloc -Wl,--allow-multiple-definition   conftest.c  -Wl,-s  -Le:/progra~1/gnuwin32/lib -lgw32c  -liberty -lintl -liconv -lwsock32 -lole32 -luuid -lmsvcp60   >&5
configure:2299: $? = 0
configure:2345: result: a.exe
configure:2350: checking whether the C compiler works
configure:2356: ./a.exe
configure:2359: $? = 0
configure:2376: result: yes
configure:2383: checking whether we are cross compiling
configure:2385: result: no
configure:2388: checking for suffix of executables
configure:2390: gcc -o conftest.exe  -Wall -O3 -fms-extensions -mms-bitfields  -fno-exceptions -fomit-frame-pointer -march=i386 -mcpu=i686     -D__GW32__ -D_LARGEFILE_SOURCE=1 -D_LARGEFILE64_SOURCE=1 -D_FILE_OFFSET_BITS=64 -D_MSC_VER    -idirafter e:/progra~1/gnuwin32/include -idirafter h:/glibc/include     -Wl,-s -Wl,--force-exe-suffix -Wl,--enable-auto-import -Wl,--enable-runtime-pseudo-reloc -Wl,--allow-multiple-definition   conftest.c  -Wl,-s  -Le:/progra~1/gnuwin32/lib -lgw32c  -liberty -lintl -liconv -lwsock32 -lole32 -luuid -lmsvcp60   >&5
configure:2393: $? = 0
configure:2418: result: .exe
configure:2424: checking for suffix of object files
configure:2445: gcc -c  -Wall -O3 -fms-extensions -mms-bitfields  -fno-exceptions -fomit-frame-pointer -march=i386 -mcpu=i686     -D__GW32__ -D_LARGEFILE_SOURCE=1 -D_LARGEFILE64_SOURCE=1 -D_FILE_OFFSET_BITS=64 -D_MSC_VER    -idirafter e:/progra~1/gnuwin32/include -idirafter h:/glibc/include    conftest.c >&5
configure:2448: $? = 0
configure:2470: result: o
configure:2474: checking whether we are using the GNU C compiler
configure:2498: gcc -c  -Wall -O3 -fms-extensions -mms-bitfields  -fno-exceptions -fomit-frame-pointer -march=i386 -mcpu=i686     -D__GW32__ -D_LARGEFILE_SOURCE=1 -D_LARGEFILE64_SOURCE=1 -D_FILE_OFFSET_BITS=64 -D_MSC_VER    -idirafter e:/progra~1/gnuwin32/include -idirafter h:/glibc/include    conftest.c >&5
configure:2504: $? = 0
configure:2508: test -z 
			 || test ! -s conftest.err
configure:2511: $? = 0
configure:2514: test -s conftest.o
configure:2517: $? = 0
configure:2530: result: yes
configure:2536: checking whether gcc accepts -g
configure:2557: gcc -c -g   -D__GW32__ -D_LARGEFILE_SOURCE=1 -D_LARGEFILE64_SOURCE=1 -D_FILE_OFFSET_BITS=64 -D_MSC_VER    -idirafter e:/progra~1/gnuwin32/include -idirafter h:/glibc/include    conftest.c >&5
configure:2563: $? = 0
configure:2567: test -z 
			 || test ! -s conftest.err
configure:2570: $? = 0
configure:2573: test -s conftest.o
configure:2576: $? = 0
configure:2587: result: yes
configure:2604: checking for gcc option to accept ANSI C
configure:2674: gcc  -c  -Wall -O3 -fms-extensions -mms-bitfields  -fno-exceptions -fomit-frame-pointer -march=i386 -mcpu=i686     -D__GW32__ -D_LARGEFILE_SOURCE=1 -D_LARGEFILE64_SOURCE=1 -D_FILE_OFFSET_BITS=64 -D_MSC_VER    -idirafter e:/progra~1/gnuwin32/include -idirafter h:/glibc/include    conftest.c >&5
configure:2680: $? = 0
configure:2684: test -z 
			 || test ! -s conftest.err
configure:2687: $? = 0
configure:2690: test -s conftest.o
configure:2693: $? = 0
configure:2711: result: none needed
configure:2729: gcc -c  -Wall -O3 -fms-extensions -mms-bitfields  -fno-exceptions -fomit-frame-pointer -march=i386 -mcpu=i686     -D__GW32__ -D_LARGEFILE_SOURCE=1 -D_LARGEFILE64_SOURCE=1 -D_FILE_OFFSET_BITS=64 -D_MSC_VER    -idirafter e:/progra~1/gnuwin32/include -idirafter h:/glibc/include    conftest.c >&5
conftest.c:2: error: parse error before "me"
configure:2735: $? = 1
configure: failed program was:
| #ifndef __cplusplus
|   choke me
| #endif
configure:2879: checking for style of include used by make
configure:2907: result: GNU
configure:2935: checking dependency style of gcc
configure:3025: result: none
configure:3136: checking for C++ compiler version
configure:3139: g++ --version </dev/null >&5
g++.exe (GCC) 3.3.1 (mingw special 20030804-1)
Copyright (C) 2003 Free Software Foundation, Inc.
This is free software; see the source for copying conditions.  There is NO
warranty; not even for MERCHANTABILITY or FITNESS FOR A PARTICULAR PURPOSE.

configure:3142: $? = 0
configure:3144: g++ -v </dev/null >&5
Reading specs from h:/mingw/3.3.1/bin/../lib/gcc-lib/mingw32/3.3.1/specs
Configured with: ../gcc/configure --with-gcc --with-gnu-ld --with-gnu-as --host=mingw32 --target=mingw32 --prefix=/mingw --enable-threads --disable-nls --enable-languages=c,c++,f77,objc,ada,java --disable-win32-registry --disable-shared --enable-sjlj-exceptions --enable-libgcj --disable-java-awt --without-x --enable-java-gc=boehm --disable-libgcj-debug --enable-interpreter --enable-hash-synchronization
Thread model: win32
gcc version 3.3.1 (mingw special 20030804-1)
configure:3147: $? = 0
configure:3149: g++ -V </dev/null >&5
g++.exe: `-V' option must have argument
configure:3152: $? = 1
configure:3155: checking whether we are using the GNU C++ compiler
configure:3179: g++ -c   -Wall -O3 -fms-extensions -mms-bitfields  -fno-exceptions -fomit-frame-pointer -march=i386 -mcpu=i686    -fconserve-space -fno-rtti     -D__GW32__ -D_LARGEFILE_SOURCE=1 -D_LARGEFILE64_SOURCE=1 -D_FILE_OFFSET_BITS=64 -D_MSC_VER    -idirafter e:/progra~1/gnuwin32/include -idirafter h:/glibc/include    conftest.cc >&5
configure:3185: $? = 0
configure:3189: test -z 
			 || test ! -s conftest.err
configure:3192: $? = 0
configure:3195: test -s conftest.o
configure:3198: $? = 0
configure:3211: result: yes
configure:3217: checking whether g++ accepts -g
configure:3238: g++ -c -g   -D__GW32__ -D_LARGEFILE_SOURCE=1 -D_LARGEFILE64_SOURCE=1 -D_FILE_OFFSET_BITS=64 -D_MSC_VER    -idirafter e:/progra~1/gnuwin32/include -idirafter h:/glibc/include    conftest.cc >&5
configure:3244: $? = 0
configure:3248: test -z 
			 || test ! -s conftest.err
configure:3251: $? = 0
configure:3254: test -s conftest.o
configure:3257: $? = 0
configure:3268: result: yes
configure:3310: g++ -c   -Wall -O3 -fms-extensions -mms-bitfields  -fno-exceptions -fomit-frame-pointer -march=i386 -mcpu=i686    -fconserve-space -fno-rtti     -D__GW32__ -D_LARGEFILE_SOURCE=1 -D_LARGEFILE64_SOURCE=1 -D_FILE_OFFSET_BITS=64 -D_MSC_VER    -idirafter e:/progra~1/gnuwin32/include -idirafter h:/glibc/include    conftest.cc >&5
configure:3316: $? = 0
configure:3320: test -z 
			 || test ! -s conftest.err
configure:3323: $? = 0
configure:3326: test -s conftest.o
configure:3329: $? = 0
configure:3355: g++ -c   -Wall -O3 -fms-extensions -mms-bitfields  -fno-exceptions -fomit-frame-pointer -march=i386 -mcpu=i686    -fconserve-space -fno-rtti     -D__GW32__ -D_LARGEFILE_SOURCE=1 -D_LARGEFILE64_SOURCE=1 -D_FILE_OFFSET_BITS=64 -D_MSC_VER    -idirafter e:/progra~1/gnuwin32/include -idirafter h:/glibc/include    conftest.cc >&5
conftest.cc: In function `int main()':
conftest.cc:15: error: `exit' undeclared (first use this function)
conftest.cc:15: error: (Each undeclared identifier is reported only once for 
   each function it appears in.)
configure:3361: $? = 1
configure: failed program was:
| /* confdefs.h.  */
| 
| #define PACKAGE_NAME ""
| #define PACKAGE_TARNAME ""
| #define PACKAGE_VERSION ""
| #define PACKAGE_STRING ""
| #define PACKAGE_BUGREPORT ""
| #define PACKAGE "libasprintf"
| #define VERSION "1.0"
| /* end confdefs.h.  */
| 
| int
| main ()
| {
| exit (42);
|   ;
|   return 0;
| }
configure:3310: g++ -c   -Wall -O3 -fms-extensions -mms-bitfields  -fno-exceptions -fomit-frame-pointer -march=i386 -mcpu=i686    -fconserve-space -fno-rtti     -D__GW32__ -D_LARGEFILE_SOURCE=1 -D_LARGEFILE64_SOURCE=1 -D_FILE_OFFSET_BITS=64 -D_MSC_VER    -idirafter e:/progra~1/gnuwin32/include -idirafter h:/glibc/include    conftest.cc >&5
configure:3316: $? = 0
configure:3320: test -z 
			 || test ! -s conftest.err
configure:3323: $? = 0
configure:3326: test -s conftest.o
configure:3329: $? = 0
configure:3355: g++ -c   -Wall -O3 -fms-extensions -mms-bitfields  -fno-exceptions -fomit-frame-pointer -march=i386 -mcpu=i686    -fconserve-space -fno-rtti     -D__GW32__ -D_LARGEFILE_SOURCE=1 -D_LARGEFILE64_SOURCE=1 -D_FILE_OFFSET_BITS=64 -D_MSC_VER    -idirafter e:/progra~1/gnuwin32/include -idirafter h:/glibc/include    conftest.cc >&5
configure:3361: $? = 0
configure:3365: test -z 
			 || test ! -s conftest.err
configure:3368: $? = 0
configure:3371: test -s conftest.o
configure:3374: $? = 0
configure:3399: checking dependency style of g++
configure:3489: result: none
configure:3519: checking for a BSD-compatible install
configure:3574: result: /bin/install.exe -cp
configure:3592: checking build system type
configure:3610: result: i386-pc-mingw32
configure:3618: checking host system type
configure:3632: result: i386-pc-mingw32
configure:3718: checking for a sed that does not truncate output
configure:3772: result: /usr/bin/sed
configure:3775: checking for egrep
configure:3785: result: grep -E
configure:3801: checking for ld used by gcc
configure:3868: result: ld
configure:3877: checking if the linker (ld) is GNU ld
configure:3892: result: yes
configure:3897: checking for ld option to reload object files
configure:3904: result: -r
configure:3922: checking for BSD-compatible nm
configure:3964: result: nm
configure:3968: checking whether ln -s works
configure:3972: result: yes
configure:3979: checking how to recognise dependent libraries
configure:4151: result: file_magic file format pei*-i386(.*architecture: i386)?
configure:4394: checking for dlltool
configure:4410: found /cygdrive/h/mingw/3.3.1/bin/dlltool
configure:4421: result: dlltool
configure:4474: checking for as
configure:4490: found /cygdrive/h/mingw/3.3.1/bin/as
configure:4501: result: as
configure:4554: checking for objdump
configure:4570: found /cygdrive/h/mingw/3.3.1/bin/objdump
configure:4581: result: objdump
configure:4605: checking how to run the C preprocessor
configure:4640: gcc -E   -D__GW32__ -D_LARGEFILE_SOURCE=1 -D_LARGEFILE64_SOURCE=1 -D_FILE_OFFSET_BITS=64 -D_MSC_VER    -idirafter e:/progra~1/gnuwin32/include -idirafter h:/glibc/include    conftest.c
configure:4646: $? = 0
configure:4678: gcc -E   -D__GW32__ -D_LARGEFILE_SOURCE=1 -D_LARGEFILE64_SOURCE=1 -D_FILE_OFFSET_BITS=64 -D_MSC_VER    -idirafter e:/progra~1/gnuwin32/include -idirafter h:/glibc/include    conftest.c
conftest.c:14:28: ac_nonexistent.h: No such file or directory
configure:4684: $? = 1
configure: failed program was:
| /* confdefs.h.  */
| 
| #define PACKAGE_NAME ""
| #define PACKAGE_TARNAME ""
| #define PACKAGE_VERSION ""
| #define PACKAGE_STRING ""
| #define PACKAGE_BUGREPORT ""
| #define PACKAGE "libasprintf"
| #define VERSION "1.0"
| #ifdef __cplusplus
| extern "C" void std::exit (int) throw (); using std::exit;
| #endif
| /* end confdefs.h.  */
| #include <ac_nonexistent.h>
configure:4723: result: gcc -E
configure:4747: gcc -E   -D__GW32__ -D_LARGEFILE_SOURCE=1 -D_LARGEFILE64_SOURCE=1 -D_FILE_OFFSET_BITS=64 -D_MSC_VER    -idirafter e:/progra~1/gnuwin32/include -idirafter h:/glibc/include    conftest.c
configure:4753: $? = 0
configure:4785: gcc -E   -D__GW32__ -D_LARGEFILE_SOURCE=1 -D_LARGEFILE64_SOURCE=1 -D_FILE_OFFSET_BITS=64 -D_MSC_VER    -idirafter e:/progra~1/gnuwin32/include -idirafter h:/glibc/include    conftest.c
conftest.c:14:28: ac_nonexistent.h: No such file or directory
configure:4791: $? = 1
configure: failed program was:
| /* confdefs.h.  */
| 
| #define PACKAGE_NAME ""
| #define PACKAGE_TARNAME ""
| #define PACKAGE_VERSION ""
| #define PACKAGE_STRING ""
| #define PACKAGE_BUGREPORT ""
| #define PACKAGE "libasprintf"
| #define VERSION "1.0"
| #ifdef __cplusplus
| extern "C" void std::exit (int) throw (); using std::exit;
| #endif
| /* end confdefs.h.  */
| #include <ac_nonexistent.h>
configure:4835: checking for ANSI C header files
configure:4860: gcc -c  -Wall -O3 -fms-extensions -mms-bitfields  -fno-exceptions -fomit-frame-pointer -march=i386 -mcpu=i686     -D__GW32__ -D_LARGEFILE_SOURCE=1 -D_LARGEFILE64_SOURCE=1 -D_FILE_OFFSET_BITS=64 -D_MSC_VER    -idirafter e:/progra~1/gnuwin32/include -idirafter h:/glibc/include    conftest.c >&5
configure:4866: $? = 0
configure:4870: test -z 
			 || test ! -s conftest.err
configure:4873: $? = 0
configure:4876: test -s conftest.o
configure:4879: $? = 0
configure:4965: gcc -o conftest.exe  -Wall -O3 -fms-extensions -mms-bitfields  -fno-exceptions -fomit-frame-pointer -march=i386 -mcpu=i686     -D__GW32__ -D_LARGEFILE_SOURCE=1 -D_LARGEFILE64_SOURCE=1 -D_FILE_OFFSET_BITS=64 -D_MSC_VER    -idirafter e:/progra~1/gnuwin32/include -idirafter h:/glibc/include     -Wl,-s -Wl,--force-exe-suffix -Wl,--enable-auto-import -Wl,--enable-runtime-pseudo-reloc -Wl,--allow-multiple-definition   conftest.c  -Wl,-s  -Le:/progra~1/gnuwin32/lib -lgw32c  -liberty -lintl -liconv -lwsock32 -lole32 -luuid -lmsvcp60   >&5
conftest.c: In function `main':
conftest.c:31: warning: implicit declaration of function `exit'
configure:4968: $? = 0
configure:4970: ./conftest.exe
configure:4973: $? = 0
configure:4988: result: yes
configure:5012: checking for sys/types.h
configure:5028: gcc -c  -Wall -O3 -fms-extensions -mms-bitfields  -fno-exceptions -fomit-frame-pointer -march=i386 -mcpu=i686     -D__GW32__ -D_LARGEFILE_SOURCE=1 -D_LARGEFILE64_SOURCE=1 -D_FILE_OFFSET_BITS=64 -D_MSC_VER    -idirafter e:/progra~1/gnuwin32/include -idirafter h:/glibc/include    conftest.c >&5
configure:5034: $? = 0
configure:5038: test -z 
			 || test ! -s conftest.err
configure:5041: $? = 0
configure:5044: test -s conftest.o
configure:5047: $? = 0
configure:5058: result: yes
configure:5012: checking for sys/stat.h
configure:5028: gcc -c  -Wall -O3 -fms-extensions -mms-bitfields  -fno-exceptions -fomit-frame-pointer -march=i386 -mcpu=i686     -D__GW32__ -D_LARGEFILE_SOURCE=1 -D_LARGEFILE64_SOURCE=1 -D_FILE_OFFSET_BITS=64 -D_MSC_VER    -idirafter e:/progra~1/gnuwin32/include -idirafter h:/glibc/include    conftest.c >&5
configure:5034: $? = 0
configure:5038: test -z 
			 || test ! -s conftest.err
configure:5041: $? = 0
configure:5044: test -s conftest.o
configure:5047: $? = 0
configure:5058: result: yes
configure:5012: checking for stdlib.h
configure:5028: gcc -c  -Wall -O3 -fms-extensions -mms-bitfields  -fno-exceptions -fomit-frame-pointer -march=i386 -mcpu=i686     -D__GW32__ -D_LARGEFILE_SOURCE=1 -D_LARGEFILE64_SOURCE=1 -D_FILE_OFFSET_BITS=64 -D_MSC_VER    -idirafter e:/progra~1/gnuwin32/include -idirafter h:/glibc/include    conftest.c >&5
configure:5034: $? = 0
configure:5038: test -z 
			 || test ! -s conftest.err
configure:5041: $? = 0
configure:5044: test -s conftest.o
configure:5047: $? = 0
configure:5058: result: yes
configure:5012: checking for string.h
configure:5028: gcc -c  -Wall -O3 -fms-extensions -mms-bitfields  -fno-exceptions -fomit-frame-pointer -march=i386 -mcpu=i686     -D__GW32__ -D_LARGEFILE_SOURCE=1 -D_LARGEFILE64_SOURCE=1 -D_FILE_OFFSET_BITS=64 -D_MSC_VER    -idirafter e:/progra~1/gnuwin32/include -idirafter h:/glibc/include    conftest.c >&5
configure:5034: $? = 0
configure:5038: test -z 
			 || test ! -s conftest.err
configure:5041: $? = 0
configure:5044: test -s conftest.o
configure:5047: $? = 0
configure:5058: result: yes
configure:5012: checking for memory.h
configure:5028: gcc -c  -Wall -O3 -fms-extensions -mms-bitfields  -fno-exceptions -fomit-frame-pointer -march=i386 -mcpu=i686     -D__GW32__ -D_LARGEFILE_SOURCE=1 -D_LARGEFILE64_SOURCE=1 -D_FILE_OFFSET_BITS=64 -D_MSC_VER    -idirafter e:/progra~1/gnuwin32/include -idirafter h:/glibc/include    conftest.c >&5
configure:5034: $? = 0
configure:5038: test -z 
			 || test ! -s conftest.err
configure:5041: $? = 0
configure:5044: test -s conftest.o
configure:5047: $? = 0
configure:5058: result: yes
configure:5012: checking for strings.h
configure:5028: gcc -c  -Wall -O3 -fms-extensions -mms-bitfields  -fno-exceptions -fomit-frame-pointer -march=i386 -mcpu=i686     -D__GW32__ -D_LARGEFILE_SOURCE=1 -D_LARGEFILE64_SOURCE=1 -D_FILE_OFFSET_BITS=64 -D_MSC_VER    -idirafter e:/progra~1/gnuwin32/include -idirafter h:/glibc/include    conftest.c >&5
configure:5034: $? = 0
configure:5038: test -z 
			 || test ! -s conftest.err
configure:5041: $? = 0
configure:5044: test -s conftest.o
configure:5047: $? = 0
configure:5058: result: yes
configure:5012: checking for inttypes.h
configure:5028: gcc -c  -Wall -O3 -fms-extensions -mms-bitfields  -fno-exceptions -fomit-frame-pointer -march=i386 -mcpu=i686     -D__GW32__ -D_LARGEFILE_SOURCE=1 -D_LARGEFILE64_SOURCE=1 -D_FILE_OFFSET_BITS=64 -D_MSC_VER    -idirafter e:/progra~1/gnuwin32/include -idirafter h:/glibc/include    conftest.c >&5
configure:5034: $? = 0
configure:5038: test -z 
			 || test ! -s conftest.err
configure:5041: $? = 0
configure:5044: test -s conftest.o
configure:5047: $? = 0
configure:5058: result: yes
configure:5012: checking for stdint.h
configure:5028: gcc -c  -Wall -O3 -fms-extensions -mms-bitfields  -fno-exceptions -fomit-frame-pointer -march=i386 -mcpu=i686     -D__GW32__ -D_LARGEFILE_SOURCE=1 -D_LARGEFILE64_SOURCE=1 -D_FILE_OFFSET_BITS=64 -D_MSC_VER    -idirafter e:/progra~1/gnuwin32/include -idirafter h:/glibc/include    conftest.c >&5
configure:5034: $? = 0
configure:5038: test -z 
			 || test ! -s conftest.err
configure:5041: $? = 0
configure:5044: test -s conftest.o
configure:5047: $? = 0
configure:5058: result: yes
configure:5012: checking for unistd.h
configure:5028: gcc -c  -Wall -O3 -fms-extensions -mms-bitfields  -fno-exceptions -fomit-frame-pointer -march=i386 -mcpu=i686     -D__GW32__ -D_LARGEFILE_SOURCE=1 -D_LARGEFILE64_SOURCE=1 -D_FILE_OFFSET_BITS=64 -D_MSC_VER    -idirafter e:/progra~1/gnuwin32/include -idirafter h:/glibc/include    conftest.c >&5
configure:5034: $? = 0
configure:5038: test -z 
			 || test ! -s conftest.err
configure:5041: $? = 0
configure:5044: test -s conftest.o
configure:5047: $? = 0
configure:5058: result: yes
configure:5084: checking dlfcn.h usability
configure:5096: gcc -c  -Wall -O3 -fms-extensions -mms-bitfields  -fno-exceptions -fomit-frame-pointer -march=i386 -mcpu=i686     -D__GW32__ -D_LARGEFILE_SOURCE=1 -D_LARGEFILE64_SOURCE=1 -D_FILE_OFFSET_BITS=64 -D_MSC_VER    -idirafter e:/progra~1/gnuwin32/include -idirafter h:/glibc/include    conftest.c >&5
configure:5102: $? = 0
configure:5106: test -z 
			 || test ! -s conftest.err
configure:5109: $? = 0
configure:5112: test -s conftest.o
configure:5115: $? = 0
configure:5125: result: yes
configure:5129: checking dlfcn.h presence
configure:5139: gcc -E   -D__GW32__ -D_LARGEFILE_SOURCE=1 -D_LARGEFILE64_SOURCE=1 -D_FILE_OFFSET_BITS=64 -D_MSC_VER    -idirafter e:/progra~1/gnuwin32/include -idirafter h:/glibc/include    conftest.c
configure:5145: $? = 0
configure:5165: result: yes
configure:5200: checking for dlfcn.h
configure:5207: result: yes
configure:5230: checking how to run the C++ preprocessor
configure:5261: g++ -E   -D__GW32__ -D_LARGEFILE_SOURCE=1 -D_LARGEFILE64_SOURCE=1 -D_FILE_OFFSET_BITS=64 -D_MSC_VER    -idirafter e:/progra~1/gnuwin32/include -idirafter h:/glibc/include    conftest.cc
configure:5267: $? = 0
configure:5299: g++ -E   -D__GW32__ -D_LARGEFILE_SOURCE=1 -D_LARGEFILE64_SOURCE=1 -D_FILE_OFFSET_BITS=64 -D_MSC_VER    -idirafter e:/progra~1/gnuwin32/include -idirafter h:/glibc/include    conftest.cc
conftest.cc:25:28: ac_nonexistent.h: No such file or directory
configure:5305: $? = 1
configure: failed program was:
| /* confdefs.h.  */
| 
| #define PACKAGE_NAME ""
| #define PACKAGE_TARNAME ""
| #define PACKAGE_VERSION ""
| #define PACKAGE_STRING ""
| #define PACKAGE_BUGREPORT ""
| #define PACKAGE "libasprintf"
| #define VERSION "1.0"
| #ifdef __cplusplus
| extern "C" void std::exit (int) throw (); using std::exit;
| #endif
| #define STDC_HEADERS 1
| #define HAVE_SYS_TYPES_H 1
| #define HAVE_SYS_STAT_H 1
| #define HAVE_STDLIB_H 1
| #define HAVE_STRING_H 1
| #define HAVE_MEMORY_H 1
| #define HAVE_STRINGS_H 1
| #define HAVE_INTTYPES_H 1
| #define HAVE_STDINT_H 1
| #define HAVE_UNISTD_H 1
| #define HAVE_DLFCN_H 1
| /* end confdefs.h.  */
| #include <ac_nonexistent.h>
configure:5344: result: g++ -E
configure:5368: g++ -E   -D__GW32__ -D_LARGEFILE_SOURCE=1 -D_LARGEFILE64_SOURCE=1 -D_FILE_OFFSET_BITS=64 -D_MSC_VER    -idirafter e:/progra~1/gnuwin32/include -idirafter h:/glibc/include    conftest.cc
configure:5374: $? = 0
configure:5406: g++ -E   -D__GW32__ -D_LARGEFILE_SOURCE=1 -D_LARGEFILE64_SOURCE=1 -D_FILE_OFFSET_BITS=64 -D_MSC_VER    -idirafter e:/progra~1/gnuwin32/include -idirafter h:/glibc/include    conftest.cc
conftest.cc:25:28: ac_nonexistent.h: No such file or directory
configure:5412: $? = 1
configure: failed program was:
| /* confdefs.h.  */
| 
| #define PACKAGE_NAME ""
| #define PACKAGE_TARNAME ""
| #define PACKAGE_VERSION ""
| #define PACKAGE_STRING ""
| #define PACKAGE_BUGREPORT ""
| #define PACKAGE "libasprintf"
| #define VERSION "1.0"
| #ifdef __cplusplus
| extern "C" void std::exit (int) throw (); using std::exit;
| #endif
| #define STDC_HEADERS 1
| #define HAVE_SYS_TYPES_H 1
| #define HAVE_SYS_STAT_H 1
| #define HAVE_STDLIB_H 1
| #define HAVE_STRING_H 1
| #define HAVE_MEMORY_H 1
| #define HAVE_STRINGS_H 1
| #define HAVE_INTTYPES_H 1
| #define HAVE_STDINT_H 1
| #define HAVE_UNISTD_H 1
| #define HAVE_DLFCN_H 1
| /* end confdefs.h.  */
| #include <ac_nonexistent.h>
configure:5509: checking for g77
configure:5525: found /cygdrive/h/mingw/3.3.1/bin/g77
configure:5535: result: g77
configure:5553: checking for Fortran 77 compiler version
configure:5553: g77 --version </dev/null >&5
GNU Fortran (GCC) 3.3.1 (mingw special 20030804-1)
Copyright (C) 2002 Free Software Foundation, Inc.

GNU Fortran comes with NO WARRANTY, to the extent permitted by law.
You may redistribute copies of GNU Fortran
under the terms of the GNU General Public License.
For more information about these matters, see the file named COPYING
or type the command `info -f g77 Copying'.
configure:5556: $? = 0
configure:5558: g77 -v </dev/null >&5
Reading specs from h:/mingw/3.3.1/bin/../lib/gcc-lib/mingw32/3.3.1/specs
Configured with: ../gcc/configure --with-gcc --with-gnu-ld --with-gnu-as --host=mingw32 --target=mingw32 --prefix=/mingw --enable-threads --disable-nls --enable-languages=c,c++,f77,objc,ada,java --disable-win32-registry --disable-shared --enable-sjlj-exceptions --enable-libgcj --disable-java-awt --without-x --enable-java-gc=boehm --disable-libgcj-debug --enable-interpreter --enable-hash-synchronization
Thread model: win32
gcc version 3.3.1 (mingw special 20030804-1)
configure:5561: $? = 0
configure:5563: g77 -V </dev/null >&5
g77.exe: `-V' option must have argument
configure:5566: $? = 1
configure:5574: checking whether we are using the GNU Fortran 77 compiler
configure:5588: g77 -c  conftest.F >&5
configure:5594: $? = 0
configure:5598: test -z 
			 || test ! -s conftest.err
configure:5601: $? = 0
configure:5604: test -s conftest.o
configure:5607: $? = 0
configure:5620: result: yes
configure:5626: checking whether g77 accepts -g
configure:5638: g77 -c -g conftest.f >&5
configure:5644: $? = 0
configure:5648: test -z 
			 || test ! -s conftest.err
configure:5651: $? = 0
configure:5654: test -s conftest.o
configure:5657: $? = 0
configure:5669: result: yes
configure:5699: checking the maximum length of command line arguments
configure:5790: result: 8192
configure:5801: checking command to parse nm output from gcc object
configure:5897: gcc -c  -Wall -O3 -fms-extensions -mms-bitfields  -fno-exceptions -fomit-frame-pointer -march=i386 -mcpu=i686     -D__GW32__ -D_LARGEFILE_SOURCE=1 -D_LARGEFILE64_SOURCE=1 -D_FILE_OFFSET_BITS=64 -D_MSC_VER    -idirafter e:/progra~1/gnuwin32/include -idirafter h:/glibc/include    conftest.c >&5
configure:5900: $? = 0
configure:5904: nm conftest.o \| sed -n -e 's/^.*[ 	]\([ABCDGIRSTW][ABCDGIRSTW]*\)[ 	][ 	]*\([_A-Za-z][_A-Za-z0-9]*\)\{0,1\}$/\1 \2 \2/p' \> conftest.nm
configure:5907: $? = 0
cannot find nm_test_var in conftest.nm
configure:5897: gcc -c  -Wall -O3 -fms-extensions -mms-bitfields  -fno-exceptions -fomit-frame-pointer -march=i386 -mcpu=i686     -D__GW32__ -D_LARGEFILE_SOURCE=1 -D_LARGEFILE64_SOURCE=1 -D_FILE_OFFSET_BITS=64 -D_MSC_VER    -idirafter e:/progra~1/gnuwin32/include -idirafter h:/glibc/include    conftest.c >&5
configure:5900: $? = 0
configure:5904: nm conftest.o \| sed -n -e 's/^.*[ 	]\([ABCDGIRSTW][ABCDGIRSTW]*\)[ 	][ 	]*_\([_A-Za-z][_A-Za-z0-9]*\)\{0,1\}$/\1 _\2 \2/p' \> conftest.nm
configure:5907: $? = 0
configure:5959: gcc -o conftest.exe  -Wall -O3 -fms-extensions -mms-bitfields  -fno-exceptions -fomit-frame-pointer -march=i386 -mcpu=i686     -D__GW32__ -D_LARGEFILE_SOURCE=1 -D_LARGEFILE64_SOURCE=1 -D_FILE_OFFSET_BITS=64 -D_MSC_VER    -idirafter e:/progra~1/gnuwin32/include -idirafter h:/glibc/include     -Wl,-s -Wl,--force-exe-suffix -Wl,--enable-auto-import -Wl,--enable-runtime-pseudo-reloc -Wl,--allow-multiple-definition   conftest.c conftstm.o >&5
configure:5962: $? = 0
configure:6000: result: ok
configure:6004: checking for objdir
configure:6019: result: .libs
configure:6109: checking for ar
configure:6125: found /usr/bin/ar
configure:6136: result: ar
configure:6189: checking for ranlib
configure:6205: found /usr/bin/ranlib
configure:6216: result: ranlib
configure:6269: checking for strip
configure:6285: found /cygdrive/h/mingw/3.3.1/bin/strip
configure:6296: result: strip
configure:6560: checking if gcc static flag  works
configure:6583: result: yes
configure:6605: checking if gcc supports -fno-rtti -fno-exceptions
configure:6626: gcc -c  -Wall -O3 -fms-extensions -mms-bitfields  -fno-exceptions -fomit-frame-pointer -march=i386 -mcpu=i686     -D__GW32__ -D_LARGEFILE_SOURCE=1 -D_LARGEFILE64_SOURCE=1 -D_FILE_OFFSET_BITS=64 -D_MSC_VER    -idirafter e:/progra~1/gnuwin32/include -idirafter h:/glibc/include    -fno-rtti -fno-exceptions conftest.c >&5
cc1.exe: warning: "-fno-rtti" is valid for C++ but not for C/ObjC
configure:6630: $? = 0
configure:6638: result: no
configure:6653: checking for gcc option to produce PIC
configure:6855: result: -DDLL_EXPORT
configure:6863: checking if gcc PIC flag -DDLL_EXPORT works
configure:6884: gcc -c  -Wall -O3 -fms-extensions -mms-bitfields  -fno-exceptions -fomit-frame-pointer -march=i386 -mcpu=i686     -D__GW32__ -D_LARGEFILE_SOURCE=1 -D_LARGEFILE64_SOURCE=1 -D_FILE_OFFSET_BITS=64 -D_MSC_VER    -idirafter e:/progra~1/gnuwin32/include -idirafter h:/glibc/include    -DDLL_EXPORT -DPIC conftest.c >&5
configure:6888: $? = 0
configure:6896: result: yes
configure:6920: checking if gcc supports -c -o file.o
configure:6944: gcc -c  -Wall -O3 -fms-extensions -mms-bitfields  -fno-exceptions -fomit-frame-pointer -march=i386 -mcpu=i686     -D__GW32__ -D_LARGEFILE_SOURCE=1 -D_LARGEFILE64_SOURCE=1 -D_FILE_OFFSET_BITS=64 -D_MSC_VER    -idirafter e:/progra~1/gnuwin32/include -idirafter h:/glibc/include    -o out/conftest2.o conftest.c >&5
configure:6948: $? = 0
configure:6965: result: yes
configure:6991: checking whether the gcc linker (ld) supports shared libraries
configure:7853: result: yes
configure:7879: checking whether -lc should be explicitly linked in
configure:7884: gcc -c  -Wall -O3 -fms-extensions -mms-bitfields  -fno-exceptions -fomit-frame-pointer -march=i386 -mcpu=i686     -D__GW32__ -D_LARGEFILE_SOURCE=1 -D_LARGEFILE64_SOURCE=1 -D_FILE_OFFSET_BITS=64 -D_MSC_VER    -idirafter e:/progra~1/gnuwin32/include -idirafter h:/glibc/include    conftest.c >&5
configure:7887: $? = 0
configure:7901: gcc -shared conftest.o  -v -o ./conftest -Wl,--image-base=0x10000000 -Wl,--out-implib,conftest 2\>\&1 \| grep  -lc  \>/dev/null 2\>\&1
configure:7904: $? = 1
configure:7916: result: yes
configure:7924: checking dynamic linker characteristics
configure:8466: result: Win32 ld.exe
configure:8470: checking how to hardcode library paths into programs
configure:8495: result: immediate
configure:8509: checking whether stripping libraries is possible
configure:8514: result: yes
configure:9344: checking if libtool supports shared libraries
configure:9346: result: yes
configure:9349: checking whether to build shared libraries
configure:9370: result: yes
configure:9373: checking whether to build static libraries
configure:9377: result: no
configure:9469: creating libtool
configure:10024: checking for ld used by g++
configure:10091: result: ld
configure:10100: checking if the linker (ld) is GNU ld
configure:10115: result: yes
configure:10166: checking whether the g++ linker (ld) supports shared libraries
configure:11048: result: yes
configure:11070: g++ -c   -Wall -O3 -fms-extensions -mms-bitfields  -fno-exceptions -fomit-frame-pointer -march=i386 -mcpu=i686    -fconserve-space -fno-rtti     -D__GW32__ -D_LARGEFILE_SOURCE=1 -D_LARGEFILE64_SOURCE=1 -D_FILE_OFFSET_BITS=64 -D_MSC_VER    -idirafter e:/progra~1/gnuwin32/include -idirafter h:/glibc/include    conftest.cc >&5
configure:11073: $? = 0
configure:11169: checking for g++ option to produce PIC
configure:11437: result: -DDLL_EXPORT
configure:11445: checking if g++ PIC flag -DDLL_EXPORT works
configure:11466: g++ -c   -Wall -O3 -fms-extensions -mms-bitfields  -fno-exceptions -fomit-frame-pointer -march=i386 -mcpu=i686    -fconserve-space -fno-rtti     -D__GW32__ -D_LARGEFILE_SOURCE=1 -D_LARGEFILE64_SOURCE=1 -D_FILE_OFFSET_BITS=64 -D_MSC_VER    -idirafter e:/progra~1/gnuwin32/include -idirafter h:/glibc/include    -DDLL_EXPORT -DPIC conftest.cc >&5
configure:11470: $? = 0
configure:11478: result: yes
configure:11502: checking if g++ supports -c -o file.o
configure:11526: g++ -c   -Wall -O3 -fms-extensions -mms-bitfields  -fno-exceptions -fomit-frame-pointer -march=i386 -mcpu=i686    -fconserve-space -fno-rtti     -D__GW32__ -D_LARGEFILE_SOURCE=1 -D_LARGEFILE64_SOURCE=1 -D_FILE_OFFSET_BITS=64 -D_MSC_VER    -idirafter e:/progra~1/gnuwin32/include -idirafter h:/glibc/include    -o out/conftest2.o conftest.cc >&5
configure:11530: $? = 0
configure:11547: result: yes
configure:11573: checking whether the g++ linker (ld) supports shared libraries
configure:11598: result: yes
configure:11669: checking dynamic linker characteristics
configure:12211: result: Win32 ld.exe
configure:12215: checking how to hardcode library paths into programs
configure:12240: result: immediate
configure:12254: checking whether stripping libraries is possible
configure:12259: result: yes
configure:13572: checking if libtool supports shared libraries
configure:13574: result: yes
configure:13577: checking whether to build shared libraries
configure:13595: result: yes
configure:13598: checking whether to build static libraries
configure:13602: result: no
configure:13614: checking for g77 option to produce PIC
configure:13816: result: -DDLL_EXPORT
configure:13824: checking if g77 PIC flag -DDLL_EXPORT works
configure:13845: g77 -c -g -O2 -DDLL_EXPORT conftest.f >&5
configure:13849: $? = 0
configure:13857: result: yes
configure:13881: checking if g77 supports -c -o file.o
configure:13905: g77 -c -g -O2 -o out/conftest2.o conftest.f >&5
configure:13909: $? = 0
configure:13926: result: yes
configure:13952: checking whether the g77 linker (ld) supports shared libraries
configure:14794: result: yes
configure:14865: checking dynamic linker characteristics
configure:15407: result: Win32 ld.exe
configure:15411: checking how to hardcode library paths into programs
configure:15436: result: immediate
configure:15450: checking whether stripping libraries is possible
configure:15455: result: yes
configure:19607: checking for an ANSI C-conforming const
configure:19674: gcc -c  -Wall -O3 -fms-extensions -mms-bitfields  -fno-exceptions -fomit-frame-pointer -march=i386 -mcpu=i686     -D__GW32__ -D_LARGEFILE_SOURCE=1 -D_LARGEFILE64_SOURCE=1 -D_FILE_OFFSET_BITS=64 -D_MSC_VER    -idirafter e:/progra~1/gnuwin32/include -idirafter h:/glibc/include    conftest.c >&5
conftest.c: In function `main':
conftest.c:52: warning: unused variable `s'
conftest.c:72: warning: unused variable `foo'
conftest.c:33: warning: unused variable `x'
conftest.c:39: warning: unused variable `zero'
conftest.c:51: warning: `t' might be used uninitialized in this function
conftest.c:69: warning: `b' might be used uninitialized in this function
configure:19680: $? = 0
configure:19684: test -z 
			 || test ! -s conftest.err
configure:19687: $? = 0
configure:19690: test -s conftest.o
configure:19693: $? = 0
configure:19704: result: yes
configure:19714: checking for inline
configure:19735: gcc -c  -Wall -O3 -fms-extensions -mms-bitfields  -fno-exceptions -fomit-frame-pointer -march=i386 -mcpu=i686     -D__GW32__ -D_LARGEFILE_SOURCE=1 -D_LARGEFILE64_SOURCE=1 -D_FILE_OFFSET_BITS=64 -D_MSC_VER    -idirafter e:/progra~1/gnuwin32/include -idirafter h:/glibc/include    conftest.c >&5
configure:19741: $? = 0
configure:19745: test -z 
			 || test ! -s conftest.err
configure:19748: $? = 0
configure:19751: test -s conftest.o
configure:19754: $? = 0
configure:19766: result: inline
configure:19786: checking for signed
configure:19807: gcc -c  -Wall -O3 -fms-extensions -mms-bitfields  -fno-exceptions -fomit-frame-pointer -march=i386 -mcpu=i686     -D__GW32__ -D_LARGEFILE_SOURCE=1 -D_LARGEFILE64_SOURCE=1 -D_FILE_OFFSET_BITS=64 -D_MSC_VER    -idirafter e:/progra~1/gnuwin32/include -idirafter h:/glibc/include    conftest.c >&5
conftest.c: In function `main':
conftest.c:29: warning: unused variable `x'
configure:19813: $? = 0
configure:19817: test -z 
			 || test ! -s conftest.err
configure:19820: $? = 0
configure:19823: test -s conftest.o
configure:19826: $? = 0
configure:19837: result: yes
configure:19847: checking for size_t
configure:19871: gcc -c  -Wall -O3 -fms-extensions -mms-bitfields  -fno-exceptions -fomit-frame-pointer -march=i386 -mcpu=i686     -D__GW32__ -D_LARGEFILE_SOURCE=1 -D_LARGEFILE64_SOURCE=1 -D_FILE_OFFSET_BITS=64 -D_MSC_VER    -idirafter e:/progra~1/gnuwin32/include -idirafter h:/glibc/include    conftest.c >&5
configure:19877: $? = 0
configure:19881: test -z 
			 || test ! -s conftest.err
configure:19884: $? = 0
configure:19887: test -s conftest.o
configure:19890: $? = 0
configure:19901: result: yes
configure:19914: checking for long long
configure:19936: gcc -o conftest.exe  -Wall -O3 -fms-extensions -mms-bitfields  -fno-exceptions -fomit-frame-pointer -march=i386 -mcpu=i686     -D__GW32__ -D_LARGEFILE_SOURCE=1 -D_LARGEFILE64_SOURCE=1 -D_FILE_OFFSET_BITS=64 -D_MSC_VER    -idirafter e:/progra~1/gnuwin32/include -idirafter h:/glibc/include     -Wl,-s -Wl,--force-exe-suffix -Wl,--enable-auto-import -Wl,--enable-runtime-pseudo-reloc -Wl,--allow-multiple-definition   conftest.c  -Wl,-s  -Le:/progra~1/gnuwin32/lib -lgw32c  -liberty -lintl -liconv -lwsock32 -lole32 -luuid -lmsvcp60   >&5
configure:19942: $? = 0
configure:19946: test -z 
			 || test ! -s conftest.err
configure:19949: $? = 0
configure:19952: test -s conftest.exe
configure:19955: $? = 0
configure:19967: result: yes
configure:19978: checking for long double
configure:20038: result: yes
configure:20049: checking for wchar_t
configure:20071: gcc -c  -Wall -O3 -fms-extensions -mms-bitfields  -fno-exceptions -fomit-frame-pointer -march=i386 -mcpu=i686     -D__GW32__ -D_LARGEFILE_SOURCE=1 -D_LARGEFILE64_SOURCE=1 -D_FILE_OFFSET_BITS=64 -D_MSC_VER    -idirafter e:/progra~1/gnuwin32/include -idirafter h:/glibc/include    conftest.c >&5
configure:20077: $? = 0
configure:20081: test -z 
			 || test ! -s conftest.err
configure:20084: $? = 0
configure:20087: test -s conftest.o
configure:20090: $? = 0
configure:20101: result: yes
configure:20112: checking for wint_t
configure:20134: gcc -c  -Wall -O3 -fms-extensions -mms-bitfields  -fno-exceptions -fomit-frame-pointer -march=i386 -mcpu=i686     -D__GW32__ -D_LARGEFILE_SOURCE=1 -D_LARGEFILE64_SOURCE=1 -D_FILE_OFFSET_BITS=64 -D_MSC_VER    -idirafter e:/progra~1/gnuwin32/include -idirafter h:/glibc/include    conftest.c >&5
configure:20140: $? = 0
configure:20144: test -z 
			 || test ! -s conftest.err
configure:20147: $? = 0
configure:20150: test -s conftest.o
configure:20153: $? = 0
configure:20164: result: yes
configure:20174: checking for ptrdiff_t
configure:20198: gcc -c  -Wall -O3 -fms-extensions -mms-bitfields  -fno-exceptions -fomit-frame-pointer -march=i386 -mcpu=i686     -D__GW32__ -D_LARGEFILE_SOURCE=1 -D_LARGEFILE64_SOURCE=1 -D_FILE_OFFSET_BITS=64 -D_MSC_VER    -idirafter e:/progra~1/gnuwin32/include -idirafter h:/glibc/include    conftest.c >&5
configure:20204: $? = 0
configure:20208: test -z 
			 || test ! -s conftest.err
configure:20211: $? = 0
configure:20214: test -s conftest.o
configure:20217: $? = 0
configure:20228: result: yes
configure:20242: checking for inttypes.h
configure:20264: gcc -c  -Wall -O3 -fms-extensions -mms-bitfields  -fno-exceptions -fomit-frame-pointer -march=i386 -mcpu=i686     -D__GW32__ -D_LARGEFILE_SOURCE=1 -D_LARGEFILE64_SOURCE=1 -D_FILE_OFFSET_BITS=64 -D_MSC_VER    -idirafter e:/progra~1/gnuwin32/include -idirafter h:/glibc/include    conftest.c >&5
conftest.c: In function `main':
conftest.c:34: warning: unused variable `i'
configure:20270: $? = 0
configure:20274: test -z 
			 || test ! -s conftest.err
configure:20277: $? = 0
configure:20280: test -s conftest.o
configure:20283: $? = 0
configure:20294: result: yes
configure:20305: checking for stdint.h
configure:20327: gcc -c  -Wall -O3 -fms-extensions -mms-bitfields  -fno-exceptions -fomit-frame-pointer -march=i386 -mcpu=i686     -D__GW32__ -D_LARGEFILE_SOURCE=1 -D_LARGEFILE64_SOURCE=1 -D_FILE_OFFSET_BITS=64 -D_MSC_VER    -idirafter e:/progra~1/gnuwin32/include -idirafter h:/glibc/include    conftest.c >&5
conftest.c: In function `main':
conftest.c:35: warning: unused variable `i'
configure:20333: $? = 0
configure:20337: test -z 
			 || test ! -s conftest.err
configure:20340: $? = 0
configure:20343: test -s conftest.o
configure:20346: $? = 0
configure:20357: result: yes
configure:20370: checking for intmax_t
configure:20400: gcc -c  -Wall -O3 -fms-extensions -mms-bitfields  -fno-exceptions -fomit-frame-pointer -march=i386 -mcpu=i686     -D__GW32__ -D_LARGEFILE_SOURCE=1 -D_LARGEFILE64_SOURCE=1 -D_FILE_OFFSET_BITS=64 -D_MSC_VER    -idirafter e:/progra~1/gnuwin32/include -idirafter h:/glibc/include    conftest.c >&5
conftest.c: In function `main':
conftest.c:44: warning: unused variable `x'
configure:20406: $? = 0
configure:20410: test -z 
			 || test ! -s conftest.err
configure:20413: $? = 0
configure:20416: test -s conftest.o
configure:20419: $? = 0
configure:20430: result: yes
configure:20446: checking for stdint.h
configure:20451: result: yes
configure:20591: checking for SIZE_MAX
configure:21660: result: yes
configure:21678: checking for stdint.h
configure:21683: result: yes
configure:21828: checking for working alloca.h
configure:21849: gcc -o conftest.exe  -Wall -O3 -fms-extensions -mms-bitfields  -fno-exceptions -fomit-frame-pointer -march=i386 -mcpu=i686     -D__GW32__ -D_LARGEFILE_SOURCE=1 -D_LARGEFILE64_SOURCE=1 -D_FILE_OFFSET_BITS=64 -D_MSC_VER    -idirafter e:/progra~1/gnuwin32/include -idirafter h:/glibc/include     -Wl,-s -Wl,--force-exe-suffix -Wl,--enable-auto-import -Wl,--enable-runtime-pseudo-reloc -Wl,--allow-multiple-definition   conftest.c  -Wl,-s  -Le:/progra~1/gnuwin32/lib -lgw32c  -liberty -lintl -liconv -lwsock32 -lole32 -luuid -lmsvcp60   >&5
conftest.c: In function `main':
conftest.c:38: warning: unused variable `p'
configure:21855: $? = 0
configure:21859: test -z 
			 || test ! -s conftest.err
configure:21862: $? = 0
configure:21865: test -s conftest.exe
configure:21868: $? = 0
configure:21880: result: yes
configure:21890: checking for alloca
configure:21931: gcc -o conftest.exe  -Wall -O3 -fms-extensions -mms-bitfields  -fno-exceptions -fomit-frame-pointer -march=i386 -mcpu=i686     -D__GW32__ -D_LARGEFILE_SOURCE=1 -D_LARGEFILE64_SOURCE=1 -D_FILE_OFFSET_BITS=64 -D_MSC_VER    -idirafter e:/progra~1/gnuwin32/include -idirafter h:/glibc/include     -Wl,-s -Wl,--force-exe-suffix -Wl,--enable-auto-import -Wl,--enable-runtime-pseudo-reloc -Wl,--allow-multiple-definition   conftest.c  -Wl,-s  -Le:/progra~1/gnuwin32/lib -lgw32c  -liberty -lintl -liconv -lwsock32 -lole32 -luuid -lmsvcp60   >&5
conftest.c: In function `main':
conftest.c:59: warning: unused variable `p'
configure:21937: $? = 0
configure:21941: test -z 
			 || test ! -s conftest.err
configure:21944: $? = 0
configure:21947: test -s conftest.exe
configure:21950: $? = 0
configure:21962: result: yes
configure:22213: checking for snprintf
configure:22270: gcc -o conftest.exe  -Wall -O3 -fms-extensions -mms-bitfields  -fno-exceptions -fomit-frame-pointer -march=i386 -mcpu=i686     -D__GW32__ -D_LARGEFILE_SOURCE=1 -D_LARGEFILE64_SOURCE=1 -D_FILE_OFFSET_BITS=64 -D_MSC_VER    -idirafter e:/progra~1/gnuwin32/include -idirafter h:/glibc/include     -Wl,-s -Wl,--force-exe-suffix -Wl,--enable-auto-import -Wl,--enable-runtime-pseudo-reloc -Wl,--allow-multiple-definition   conftest.c  -Wl,-s  -Le:/progra~1/gnuwin32/lib -lgw32c  -liberty -lintl -liconv -lwsock32 -lole32 -luuid -lmsvcp60   >&5
conftest.c:60: warning: conflicting types for built-in function `snprintf'
configure:22276: $? = 0
configure:22280: test -z 
			 || test ! -s conftest.err
configure:22283: $? = 0
configure:22286: test -s conftest.exe
configure:22289: $? = 0
configure:22301: result: yes
configure:22213: checking for vasprintf
configure:22270: gcc -o conftest.exe  -Wall -O3 -fms-extensions -mms-bitfields  -fno-exceptions -fomit-frame-pointer -march=i386 -mcpu=i686     -D__GW32__ -D_LARGEFILE_SOURCE=1 -D_LARGEFILE64_SOURCE=1 -D_FILE_OFFSET_BITS=64 -D_MSC_VER    -idirafter e:/progra~1/gnuwin32/include -idirafter h:/glibc/include     -Wl,-s -Wl,--force-exe-suffix -Wl,--enable-auto-import -Wl,--enable-runtime-pseudo-reloc -Wl,--allow-multiple-definition   conftest.c  -Wl,-s  -Le:/progra~1/gnuwin32/lib -lgw32c  -liberty -lintl -liconv -lwsock32 -lole32 -luuid -lmsvcp60   >&5
configure:22276: $? = 0
configure:22280: test -z 
			 || test ! -s conftest.err
configure:22283: $? = 0
configure:22286: test -s conftest.exe
configure:22289: $? = 0
configure:22301: result: yes
configure:22213: checking for wcslen
configure:22270: gcc -o conftest.exe  -Wall -O3 -fms-extensions -mms-bitfields  -fno-exceptions -fomit-frame-pointer -march=i386 -mcpu=i686     -D__GW32__ -D_LARGEFILE_SOURCE=1 -D_LARGEFILE64_SOURCE=1 -D_FILE_OFFSET_BITS=64 -D_MSC_VER    -idirafter e:/progra~1/gnuwin32/include -idirafter h:/glibc/include     -Wl,-s -Wl,--force-exe-suffix -Wl,--enable-auto-import -Wl,--enable-runtime-pseudo-reloc -Wl,--allow-multiple-definition   conftest.c  -Wl,-s  -Le:/progra~1/gnuwin32/lib -lgw32c  -liberty -lintl -liconv -lwsock32 -lole32 -luuid -lmsvcp60   >&5
configure:22276: $? = 0
configure:22280: test -z 
			 || test ! -s conftest.err
configure:22283: $? = 0
configure:22286: test -s conftest.exe
configure:22289: $? = 0
configure:22301: result: yes
configure:22311: checking whether _snprintf is declared
configure:22335: gcc -c  -Wall -O3 -fms-extensions -mms-bitfields  -fno-exceptions -fomit-frame-pointer -march=i386 -mcpu=i686     -D__GW32__ -D_LARGEFILE_SOURCE=1 -D_LARGEFILE64_SOURCE=1 -D_FILE_OFFSET_BITS=64 -D_MSC_VER    -idirafter e:/progra~1/gnuwin32/include -idirafter h:/glibc/include    conftest.c >&5
conftest.c: In function `main':
conftest.c:77: warning: unused variable `p'
configure:22341: $? = 0
configure:22345: test -z 
			 || test ! -s conftest.err
configure:22348: $? = 0
configure:22351: test -s conftest.o
configure:22354: $? = 0
configure:22365: result: yes
configure:22385: checking whether printf() supports POSIX/XSI format strings
configure:22435: gcc -o conftest.exe  -Wall -O3 -fms-extensions -mms-bitfields  -fno-exceptions -fomit-frame-pointer -march=i386 -mcpu=i686     -D__GW32__ -D_LARGEFILE_SOURCE=1 -D_LARGEFILE64_SOURCE=1 -D_FILE_OFFSET_BITS=64 -D_MSC_VER    -idirafter e:/progra~1/gnuwin32/include -idirafter h:/glibc/include     -Wl,-s -Wl,--force-exe-suffix -Wl,--enable-auto-import -Wl,--enable-runtime-pseudo-reloc -Wl,--allow-multiple-definition   conftest.c  -Wl,-s  -Le:/progra~1/gnuwin32/lib -lgw32c  -liberty -lintl -liconv -lwsock32 -lole32 -luuid -lmsvcp60   >&5
configure:22438: $? = 0
configure:22440: ./conftest.exe
configure:22443: $? = 1
configure: program exited with status 1
configure: failed program was:
| /* confdefs.h.  */
| 
| #define PACKAGE_NAME ""
| #define PACKAGE_TARNAME ""
| #define PACKAGE_VERSION ""
| #define PACKAGE_STRING ""
| #define PACKAGE_BUGREPORT ""
| #define PACKAGE "libasprintf"
| #define VERSION "1.0"
| #ifdef __cplusplus
| extern "C" void std::exit (int) throw (); using std::exit;
| #endif
| #define STDC_HEADERS 1
| #define HAVE_SYS_TYPES_H 1
| #define HAVE_SYS_STAT_H 1
| #define HAVE_STDLIB_H 1
| #define HAVE_STRING_H 1
| #define HAVE_MEMORY_H 1
| #define HAVE_STRINGS_H 1
| #define HAVE_INTTYPES_H 1
| #define HAVE_STDINT_H 1
| #define HAVE_UNISTD_H 1
| #define HAVE_DLFCN_H 1
| #define HAVE_LONG_LONG 1
| #define HAVE_LONG_DOUBLE 1
| #define HAVE_WCHAR_T 1
| #define HAVE_WINT_T 1
| #define HAVE_INTTYPES_H_WITH_UINTMAX 1
| #define HAVE_STDINT_H_WITH_UINTMAX 1
| #define HAVE_INTMAX_T 1
| #define HAVE_STDINT_H 1
| #define HAVE_STDINT_H 1
| #define HAVE_ALLOCA_H 1
| #define HAVE_ALLOCA 1
| #define HAVE_SNPRINTF 1
| #define HAVE_VASPRINTF 1
| #define HAVE_WCSLEN 1
| #define HAVE_DECL__SNPRINTF 1
| /* end confdefs.h.  */
| 
| #include <stdio.h>
| #include <string.h>
| /* The string "%2 %1", with dollar characters protected from the shell's
|    dollar expansion (possibly an autoconf bug).  */
| static char format[] = { '%', '2', '$', 'd', ' ', '%', '1', '$', 'd', '\0' };
| static char buf[100];
| int main ()
| {
|   sprintf (buf, format, 33, 55);
|   return (strcmp (buf, "55 33") != 0);
| }
configure:22458: result: no
configure:22474: checking for dvips
configure:22492: found /cygdrive/h/tex/bin/win32/dvips
configure:22505: result: /cygdrive/h/tex/bin/win32/dvips
configure:22514: checking for texi2pdf
configure:22532: found /usr/bin/texi2pdf
configure:22545: result: /usr/bin/texi2pdf
configure:22554: checking for perl
configure:22572: found /usr/bin/perl
configure:22585: result: /usr/bin/perl
configure:22712: creating ./config.status

## ---------------------- ##
## Running config.status. ##
## ---------------------- ##

This file was extended by config.status, which was
generated by GNU Autoconf 2.59.  Invocation command line was

  CONFIG_FILES    = 
  CONFIG_HEADERS  = 
  CONFIG_LINKS    = 
  CONFIG_COMMANDS = 
  $ ./config.status 

on gamma

config.status:725: creating Makefile
config.status:833: creating config.h
config.status:1149: executing depfiles commands

## ---------------- ##
## Cache variables. ##
## ---------------- ##

ac_cv_build=i386-pc-mingw32
ac_cv_build_alias=i386-pc-mingw32
ac_cv_c_compiler_gnu=yes
ac_cv_c_const=yes
ac_cv_c_inline=inline
ac_cv_cxx_compiler_gnu=yes
ac_cv_env_CC_set=
ac_cv_env_CC_value=
ac_cv_env_CFLAGS_set=
ac_cv_env_CFLAGS_value=
ac_cv_env_CPPFLAGS_set=
ac_cv_env_CPPFLAGS_value=
ac_cv_env_CPP_set=
ac_cv_env_CPP_value=
ac_cv_env_CXXCPP_set=
ac_cv_env_CXXCPP_value=
ac_cv_env_CXXFLAGS_set=
ac_cv_env_CXXFLAGS_value=
ac_cv_env_CXX_set=
ac_cv_env_CXX_value=
ac_cv_env_F77_set=
ac_cv_env_F77_value=
ac_cv_env_FFLAGS_set=
ac_cv_env_FFLAGS_value=
ac_cv_env_LDFLAGS_set=
ac_cv_env_LDFLAGS_value=
ac_cv_env_build_alias_set=
ac_cv_env_build_alias_value=
ac_cv_env_host_alias_set=
ac_cv_env_host_alias_value=
ac_cv_env_target_alias_set=
ac_cv_env_target_alias_value=
ac_cv_exeext=.exe
ac_cv_f77_compiler_gnu=yes
ac_cv_func_alloca_works=yes
ac_cv_func_connect=yes
ac_cv_func_fchdir=no
ac_cv_func_fork=no
ac_cv_func_ftruncate=yes
ac_cv_func_gethostbyaddr=yes
ac_cv_func_gethostbyname=yes
ac_cv_func_gethostname=yes
ac_cv_func_inet_ntoa=yes
ac_cv_func_mkstemp=yes
ac_cv_func_select=no
ac_cv_func_snprintf=yes
ac_cv_func_vasprintf=yes
ac_cv_func_vfork=no
ac_cv_func_wcslen=yes
ac_cv_func_working_mktime=yes
ac_cv_have_decl__snprintf=yes
ac_cv_header_dlfcn_h=yes
ac_cv_header_inttypes_h=yes
ac_cv_header_memory_h=yes
ac_cv_header_stdc=yes
ac_cv_header_stdint_h=yes
ac_cv_header_stdlib_h=yes
ac_cv_header_string_h=yes
ac_cv_header_strings_h=yes
ac_cv_header_sys_stat_h=yes
ac_cv_header_sys_types_h=yes
ac_cv_header_unistd_h=yes
ac_cv_host=i386-pc-mingw32
ac_cv_host_alias=i386-pc-mingw32
ac_cv_objext=o
ac_cv_path_DVIPS=/cygdrive/h/tex/bin/win32/dvips
ac_cv_path_PERL=/usr/bin/perl
ac_cv_path_TEXI2PDF=/usr/bin/texi2pdf
ac_cv_prog_AWK=gawk
ac_cv_prog_CPP='gcc -E'
ac_cv_prog_CXXCPP='g++ -E'
ac_cv_prog_LN_S='cp -fp'
ac_cv_prog_ac_ct_AR=ar
ac_cv_prog_ac_ct_AS=as
ac_cv_prog_ac_ct_CC=gcc
ac_cv_prog_ac_ct_DLLTOOL=dlltool
ac_cv_prog_ac_ct_F77=g77
ac_cv_prog_ac_ct_OBJDUMP=objdump
ac_cv_prog_ac_ct_RANLIB=ranlib
ac_cv_prog_ac_ct_STRIP=strip
ac_cv_prog_cc_g=yes
ac_cv_prog_cc_stdc=
ac_cv_prog_cxx_g=yes
ac_cv_prog_egrep='grep -E'
ac_cv_prog_f77_g=yes
ac_cv_prog_make_make_set=yes
ac_cv_sys_file_offset_bits=64
ac_cv_sys_large_files=1
ac_cv_sys_largefile_source=1
ac_cv_type_long_long=yes
ac_cv_type_ptrdiff_t=yes
ac_cv_type_size_t=yes
ac_cv_var_tzname=yes
ac_cv_working_alloca_h=yes
am_cv_CC_dependencies_compiler_type=none
am_cv_CXX_dependencies_compiler_type=none
bh_cv_c_signed=yes
cl_cv_prog_LN='cp -fp'
cl_cv_prog_LN_S='cp -fp'
gl_cv_func_getcwd_null=yes
gl_cv_header_inttypes_h=yes
gl_cv_header_stdint_h=yes
gt_cv_c_intmax_t=yes
gt_cv_c_long_double=yes
gt_cv_c_wchar_t=yes
gt_cv_c_wint_t=yes
gt_cv_func_printf_posix=no
lt_cv_deplibs_check_method='file_magic file format pei*-i386(.*architecture: i386)?'
lt_cv_file_magic_cmd='$OBJDUMP -f'
lt_cv_file_magic_test_file=
lt_cv_ld_reload_flag=-r
lt_cv_objdir=.libs
lt_cv_path_LD=ld
lt_cv_path_LDCXX=ld
lt_cv_path_NM=nm
lt_cv_path_SED=/usr/bin/sed
lt_cv_prog_compiler_c_o=yes
lt_cv_prog_compiler_c_o_CXX=yes
lt_cv_prog_compiler_c_o_F77=yes
lt_cv_prog_compiler_rtti_exceptions=no
lt_cv_prog_gnu_ld=yes
lt_cv_prog_gnu_ldcxx=yes
lt_cv_sys_global_symbol_pipe='sed -n -e '\''s/^.*[ 	]\([ABCDGIRSTW][ABCDGIRSTW]*\)[ 	][ 	]*_\([_A-Za-z][_A-Za-z0-9]*\)\{0,1\}$/\1 _\2 \2/p'\'''
lt_cv_sys_global_symbol_to_c_name_address='sed -n -e '\''s/^: \([^ ]*\) $/  {\"\1\", (lt_ptr) 0},/p'\'' -e '\''s/^[BCDEGRST] \([^ ]*\) \([^ ]*\)$/  {"\2", (lt_ptr) \&\2},/p'\'''
lt_cv_sys_global_symbol_to_cdecl='sed -n -e '\''s/^. .* \(.*\)$/extern int \1;/p'\'''
lt_cv_sys_max_cmd_len=8192
lt_lt_cv_prog_compiler_c_o='"yes"'
lt_lt_cv_prog_compiler_c_o_CXX='"yes"'
lt_lt_cv_prog_compiler_c_o_F77='"yes"'
lt_lt_cv_sys_global_symbol_pipe='"sed -n -e '\''s/^.*[ 	]\\([ABCDGIRSTW][ABCDGIRSTW]*\\)[ 	][ 	]*_\\([_A-Za-z][_A-Za-z0-9]*\\)\\{0,1\\}\$/\\1 _\\2 \\2/p'\''"'
lt_lt_cv_sys_global_symbol_to_c_name_address='"sed -n -e '\''s/^: \\([^ ]*\\) \$/  {\\\"\\1\\\", (lt_ptr) 0},/p'\'' -e '\''s/^[BCDEGRST] \\([^ ]*\\) \\([^ ]*\\)\$/  {\"\\2\", (lt_ptr) \\&\\2},/p'\''"'
lt_lt_cv_sys_global_symbol_to_cdecl='"sed -n -e '\''s/^. .* \\(.*\\)\$/extern int \\1;/p'\''"'
nls_cv_use_gnu_gettext=yes

## ----------------- ##
## Output variables. ##
## ----------------- ##

ACLOCAL='${SHELL} /cygdrive/k/Devel/gettext/0.14.4/gettext-0.14.4-src/build-aux/missing --run aclocal-1.9'
ALLOCA=''
ALLOCA_H='alloca.h'
AMDEPBACKSLASH='\'
AMDEP_FALSE='#'
AMDEP_TRUE=''
AMTAR='${SHELL} /cygdrive/k/Devel/gettext/0.14.4/gettext-0.14.4-src/build-aux/missing --run tar'
AR='ar'
AS='as'
AUTOCONF='${SHELL} /cygdrive/k/Devel/gettext/0.14.4/gettext-0.14.4-src/build-aux/missing --run autoconf'
AUTOHEADER='${SHELL} /cygdrive/k/Devel/gettext/0.14.4/gettext-0.14.4-src/build-aux/missing --run autoheader'
AUTOMAKE='${SHELL} /cygdrive/k/Devel/gettext/0.14.4/gettext-0.14.4-src/build-aux/missing --run automake-1.9'
AWK='gawk'
CC='gcc'
CCDEPMODE='depmode=none'
CFLAGS=' -Wall -O3 -fms-extensions -mms-bitfields  -fno-exceptions -fomit-frame-pointer -march=i386 -mcpu=i686  '
CPP='gcc -E'
CPPFLAGS='  -D__GW32__ -D_LARGEFILE_SOURCE=1 -D_LARGEFILE64_SOURCE=1 -D_FILE_OFFSET_BITS=64 -D_MSC_VER    -idirafter e:/progra~1/gnuwin32/include -idirafter h:/glibc/include   '
CXX='g++'
CXXCPP='g++ -E'
CXXDEPMODE='depmode=none'
CXXFLAGS='  -Wall -O3 -fms-extensions -mms-bitfields  -fno-exceptions -fomit-frame-pointer -march=i386 -mcpu=i686    -fconserve-space -fno-rtti  '
CYGPATH_W='cygpath -w'
DEFS='-DHAVE_CONFIG_H'
DEPDIR='.deps'
DLLTOOL='dlltool'
DVIPS='/cygdrive/h/tex/bin/win32/dvips'
ECHO='echo'
ECHO_C=''
ECHO_N='-n'
ECHO_T=''
EGREP='grep -E'
EXEEXT='.exe'
F77='g77'
FFLAGS='-g -O2'
INSTALL_DATA='/bin/install.exe -cp'
INSTALL_PROGRAM='/bin/install.exe -cp'
INSTALL_SCRIPT='${INSTALL}'
INSTALL_STRIP_PROGRAM='${SHELL} $(install_sh) -c -s'
LDFLAGS=' -Wl,-s -Wl,--force-exe-suffix -Wl,--enable-auto-import -Wl,--enable-runtime-pseudo-reloc -Wl,--allow-multiple-definition  '
LIBOBJS=''
LIBS=' -Wl,-s  -Le:/progra~1/gnuwin32/lib -lgw32c  -liberty -lintl -liconv -lwsock32 -lole32 -luuid -lmsvcp60  '
LIBTOOL='$(SHELL) $(top_builddir)/libtool'
LN_S='ln -s'
LTLIBOBJS=''
MAKEINFO='${SHELL} /cygdrive/k/Devel/gettext/0.14.4/gettext-0.14.4-src/build-aux/missing --run makeinfo'
OBJDUMP='objdump'
OBJEXT='o'
PACKAGE='libasprintf'
PACKAGE_BUGREPORT=''
PACKAGE_NAME=''
PACKAGE_STRING=''
PACKAGE_TARNAME=''
PACKAGE_VERSION=''
PATH_SEPARATOR=':'
PERL='/usr/bin/perl'
RANLIB='ranlib'
SET_MAKE=''
SHELL='/bin/sh'
STRIP='strip'
TEXI2PDF='/usr/bin/texi2pdf'
VERSION='1.0'
ac_ct_AR='ar'
ac_ct_AS='as'
ac_ct_CC='gcc'
ac_ct_CXX=''
ac_ct_DLLTOOL='dlltool'
ac_ct_F77='g77'
ac_ct_OBJDUMP='objdump'
ac_ct_RANLIB='ranlib'
ac_ct_STRIP='strip'
am__fastdepCC_FALSE=''
am__fastdepCC_TRUE='#'
am__fastdepCXX_FALSE=''
am__fastdepCXX_TRUE='#'
am__include='include'
am__leading_dot='.'
am__quote=''
am__tar='${AMTAR} chof - "$$tardir"'
am__untar='${AMTAR} xf -'
bindir='${exec_prefix}/bin'
build='i386-pc-mingw32'
build_alias='i386-pc-mingw32'
build_cpu='i386'
build_os='mingw32'
build_vendor='pc'
datadir='${prefix}/share'
exec_prefix='${prefix}'
host='i386-pc-mingw32'
host_alias='i386-pc-mingw32'
host_cpu='i386'
host_os='mingw32'
host_vendor='pc'
includedir='${prefix}/include'
infodir='${prefix}/info'
install_sh='/cygdrive/k/Devel/gettext/0.14.4/gettext-0.14.4-src/build-aux/install-sh'
libdir='${exec_prefix}/lib'
libexecdir='${exec_prefix}/libexec'
localstatedir='${prefix}/var'
mandir='${prefix}/man'
mkdir_p='mkdir -p --'
oldincludedir='/usr/include'
prefix='c:/progra~1/Gettext'
program_transform_name='s,$$,,;s,^,,;s/i386-pc-mingw32//'
sbindir='${exec_prefix}/sbin'
sharedstatedir='${prefix}/com'
sysconfdir='${prefix}/etc'
target_alias='i386-pc-mingw32'

## ----------- ##
## confdefs.h. ##
## ----------- ##

#define HAVE_ALLOCA 1
#define HAVE_ALLOCA_H 1
#define HAVE_DECL__SNPRINTF 1
#define HAVE_DLFCN_H 1
#define HAVE_INTMAX_T 1
#define HAVE_INTTYPES_H 1
#define HAVE_INTTYPES_H_WITH_UINTMAX 1
#define HAVE_LONG_DOUBLE 1
#define HAVE_LONG_LONG 1
#define HAVE_MEMORY_H 1
#define HAVE_SNPRINTF 1
#define HAVE_STDINT_H 1
#define HAVE_STDINT_H 1
#define HAVE_STDINT_H 1
#define HAVE_STDINT_H_WITH_UINTMAX 1
#define HAVE_STDLIB_H 1
#define HAVE_STRINGS_H 1
#define HAVE_STRING_H 1
#define HAVE_SYS_STAT_H 1
#define HAVE_SYS_TYPES_H 1
#define HAVE_UNISTD_H 1
#define HAVE_VASPRINTF 1
#define HAVE_WCHAR_T 1
#define HAVE_WCSLEN 1
#define HAVE_WINT_T 1
#define PACKAGE "libasprintf"
#define PACKAGE_BUGREPORT ""
#define PACKAGE_NAME ""
#define PACKAGE_STRING ""
#define PACKAGE_TARNAME ""
#define PACKAGE_VERSION ""
#define STDC_HEADERS 1
#define VERSION "1.0"
#endif
#ifdef __cplusplus
extern "C" void std::exit (int) throw (); using std::exit;

configure: exit 0
